[2026-05-24 16:57:35] [SYSTEM] Starting Boot Sequence
[2026-05-24 16:57:53] [AUTH] Failed login attempt for user '123'
[2026-05-24 16:58:19] [AUTH] User 'root' logged in.
[2026-05-24 16:58:25] [SHELL] User 'root' executed: help
[2026-05-24 16:58:34] [SHELL] User 'root' executed: neofetch
[2026-05-24 20:35:22] [SYSTEM] Starting Boot Sequence v1.1.0
[2026-05-24 20:35:43] [AUTH] User 'root' logged in.
[2026-05-24 20:36:05] [SHELL] User 'root' executed: pacman update
[2026-05-24 20:36:24] [SHELL] User 'root' executed: pacman update 123
[2026-05-24 20:39:49] [SHELL] User 'root' executed: тущауеср
[2026-05-24 20:39:54] [SHELL] User 'root' executed: neofetch
[2026-05-24 20:44:04] [SYSTEM] Starting Boot Sequence v1.1.0
[2026-05-24 20:44:21] [AUTH] User 'root' logged in.
[2026-05-24 20:52:07] [SYSTEM] Starting Boot Sequence v1.1.0
[2026-05-24 20:52:27] [AUTH] User 'root' logged in.
[2026-05-24 20:53:14] [SHELL] User 'root' executed: sysinfo
[2026-05-24 20:54:18] [SHELL] User 'root' executed: pacman
[2026-05-24 20:54:25] [SHELL] User 'root' executed: pacman update
[2026-05-24 20:56:31] [SYSTEM] Starting Boot Sequence v1.1.0
[2026-05-24 20:56:53] [AUTH] User 'root' logged in.
[2026-05-24 20:56:55] [SHELL] User 'root' executed: nano
[2026-05-24 20:57:00] [SHELL] User 'root' executed: nano test
[2026-05-24 20:58:13] [SYSTEM] Starting Boot Sequence v1.1.0
[2026-05-24 20:58:28] [AUTH] User 'root' logged in.
[2026-05-24 20:58:41] [SHELL] User 'root' executed: pacman update
[2026-05-24 20:59:05] [SYSTEM] Starting Boot Sequence v1.1.0
[2026-05-25 20:12:42] [SYSTEM] Starting Boot Sequence v1.1.0
[2026-05-25 20:14:20] [SYSTEM] Starting Boot Sequence v1.1.1
[2026-05-25 20:14:36] [AUTH] User 'root' logged in.
[2026-05-25 20:29:13] [SYSTEM] Starting Boot Sequence v1.1.1
[2026-05-25 20:29:31] [AUTH] User 'root' logged in.
[2026-05-25 20:29:32] [SHELL] User 'root' executed: test]
[2026-05-25 20:29:37] [SHELL] User 'root' executed: test
[2026-05-25 20:33:56] [SYSTEM] Starting Boot Sequence v1.1.1
[2026-05-25 20:34:21] [AUTH] User 'root' logged in.
[2026-05-25 20:34:36] [SHELL] User 'root' executed: test
[2026-05-25 21:30:13] [SYSTEM] Starting Boot Sequence v1.1.1
[2026-05-25 21:30:39] [AUTH] User 'root' logged in.
[2026-05-25 21:30:43] [SHELL] User 'root' executed: test
[2026-05-25 21:30:53] [SHELL] User 'root' executed: authors
[2026-05-25 21:31:45] [SHELL] User 'root' executed: help
[2026-05-25 21:46:35] [SYSTEM] Starting Boot Sequence v1.1.2-pre-release2
[2026-05-25 21:52:00] [SYSTEM] Starting Boot Sequence v1.1.2-pre-release2
[2026-05-25 21:52:23] [SYSTEM] Starting Boot Sequence v1.1.2-pre-release2
[2026-05-25 22:06:50] [SYSTEM] Starting Boot Sequence v1.1.2-pre-release2
[2026-05-25 22:07:11] [AUTH] User 'root' logged in.
[2026-05-25 22:07:17] [SHELL] User 'root' executed: sysinfo
[2026-05-25 22:08:58] [SYSTEM] Starting Boot Sequence v1.1.2-pre-release2
[2026-05-25 22:09:22] [AUTH] User 'root' logged in.
[2026-05-25 22:09:35] [SHELL] User 'root' executed: neofetch
[2026-05-25 22:10:18] [SYSTEM] Starting Boot Sequence v1.1.2-pre-release2
